// Jest Snapshot v1, https://goo.gl/fbAQLP

exports[`generateMenuContent - fruit 1`] = `
{
  "0-206": [
    {
      "$defs": {
        "veggie": {
          "properties": {
            "veggieLike": {
              "$$labeledType": "veggieLike",
              "description": "Do I like this vegetable?",
              "type": "boolean",
            },
            "veggieName": {
              "$$labeledType": "veggieName",
              "description": "The name of the vegetable.",
              "type": "string",
            },
          },
          "required": [
            "veggieName",
            "veggieLike",
          ],
          "type": "object",
        },
      },
      "$id": "https://example.com/arrays.schema.json",
      "$schema": "https://json-schema.org/draft/2020-12/schema",
      "description": "A representation of a person, company, organization, or place",
      "properties": {
        "fruits": {
          "$$labeledType": "fruits",
          "items": {
            "type": "string",
          },
          "type": "array",
        },
        "vegetables": {
          "$$labeledType": "vegetables",
          "items": {
            "$$refName": "#/$defs/veggie",
            "properties": {
              "veggieLike": {
                "$$labeledType": "veggieLike",
                "description": "Do I like this vegetable?",
                "type": "boolean",
              },
              "veggieName": {
                "$$labeledType": "veggieName",
                "description": "The name of the vegetable.",
                "type": "string",
              },
            },
            "required": [
              "veggieName",
              "veggieLike",
            ],
            "type": "object",
          },
          "type": "array",
        },
      },
      "type": "object",
    },
  ],
  "119-123": [
    {
      "$$labeledType": "veggieLike",
      "description": "Do I like this vegetable?",
      "type": "boolean",
    },
  ],
  "135-200": [
    {
      "$$refName": "#/$defs/veggie",
      "properties": {
        "veggieLike": {
          "$$labeledType": "veggieLike",
          "description": "Do I like this vegetable?",
          "type": "boolean",
        },
        "veggieName": {
          "$$labeledType": "veggieName",
          "description": "The name of the vegetable.",
          "type": "string",
        },
      },
      "required": [
        "veggieName",
        "veggieLike",
      ],
      "type": "object",
    },
  ],
  "14-43": [
    {
      "$$labeledType": "fruits",
      "items": {
        "type": "string",
      },
      "type": "array",
    },
  ],
  "157-167": [
    {
      "$$labeledType": "veggieName",
      "description": "The name of the vegetable.",
      "type": "string",
    },
  ],
  "16-23": [
    {
      "type": "string",
    },
  ],
  "189-194": [
    {
      "$$labeledType": "veggieLike",
      "description": "Do I like this vegetable?",
      "type": "boolean",
    },
  ],
  "25-33": [
    {
      "type": "string",
    },
  ],
  "35-41": [
    {
      "type": "string",
    },
  ],
  "61-204": [
    {
      "$$labeledType": "vegetables",
      "items": {
        "$$refName": "#/$defs/veggie",
        "properties": {
          "veggieLike": {
            "$$labeledType": "veggieLike",
            "description": "Do I like this vegetable?",
            "type": "boolean",
          },
          "veggieName": {
            "$$labeledType": "veggieName",
            "description": "The name of the vegetable.",
            "type": "string",
          },
        },
        "required": [
          "veggieName",
          "veggieLike",
        ],
        "type": "object",
      },
      "type": "array",
    },
  ],
  "67-129": [
    {
      "$$refName": "#/$defs/veggie",
      "properties": {
        "veggieLike": {
          "$$labeledType": "veggieLike",
          "description": "Do I like this vegetable?",
          "type": "boolean",
        },
        "veggieName": {
          "$$labeledType": "veggieName",
          "description": "The name of the vegetable.",
          "type": "string",
        },
      },
      "required": [
        "veggieName",
        "veggieLike",
      ],
      "type": "object",
    },
  ],
  "89-97": [
    {
      "$$labeledType": "veggieName",
      "description": "The name of the vegetable.",
      "type": "string",
    },
  ],
}
`;

exports[`generateMenuContent - fruit 2`] = `
[
  {
    "elements": [
      {
        "content": "{"veggieName":"","veggieLike":true}",
        "onSelect": {
          "nodeId": "135-200",
          "payload": "{"veggieName":"","veggieLike":true}",
          "type": "addElementAsSiblingInArray",
        },
        "type": "button",
      },
    ],
    "label": "Insert",
  },
  {
    "elements": [
      {
        "content": "Empty Array",
        "onSelect": {
          "nodeId": "47-59",
          "payload": "[]",
          "type": "simpleSwap",
        },
        "type": "button",
      },
    ],
    "label": "Switch to",
  },
  {
    "elements": [
      {
        "content": "remove key",
        "onSelect": {
          "nodeId": "47-59",
          "type": "removeObjectKey",
        },
        "type": "button",
      },
      {
        "content": "Swap with prev",
        "onSelect": {
          "nodeId": "47-204",
          "type": "decreaseItemIdx",
        },
        "type": "button",
      },
    ],
    "label": "Utils",
  },
]
`;

exports[`generateMenuContent - vega 1`] = `
[
  {
    "elements": [
      {
        "content": "as",
        "onSelect": {
          "nodeId": "721-938",
          "payload": {
            "key": ""as"",
            "value": "{}",
          },
          "type": "addObjectKey",
        },
        "type": "button",
      },
      {
        "content": "base",
        "onSelect": {
          "nodeId": "721-938",
          "payload": {
            "key": ""base"",
            "value": "0",
          },
          "type": "addObjectKey",
        },
        "type": "button",
      },
      {
        "content": "divide",
        "onSelect": {
          "nodeId": "721-938",
          "payload": {
            "key": ""divide"",
            "value": "{}",
          },
          "type": "addObjectKey",
        },
        "type": "button",
      },
      {
        "content": "interval",
        "onSelect": {
          "nodeId": "721-938",
          "payload": {
            "key": ""interval"",
            "value": "true",
          },
          "type": "addObjectKey",
        },
        "type": "button",
      },
      {
        "content": "maxbins",
        "onSelect": {
          "nodeId": "721-938",
          "payload": {
            "key": ""maxbins"",
            "value": "0",
          },
          "type": "addObjectKey",
        },
        "type": "button",
      },
      {
        "content": "minstep",
        "onSelect": {
          "nodeId": "721-938",
          "payload": {
            "key": ""minstep"",
            "value": "0",
          },
          "type": "addObjectKey",
        },
        "type": "button",
      },
      {
        "content": "name",
        "onSelect": {
          "nodeId": "721-938",
          "payload": {
            "key": ""name"",
            "value": """",
          },
          "type": "addObjectKey",
        },
        "type": "button",
      },
      {
        "content": "span",
        "onSelect": {
          "nodeId": "721-938",
          "payload": {
            "key": ""span"",
            "value": "0",
          },
          "type": "addObjectKey",
        },
        "type": "button",
      },
      {
        "content": "steps",
        "onSelect": {
          "nodeId": "721-938",
          "payload": {
            "key": ""steps"",
            "value": "{}",
          },
          "type": "addObjectKey",
        },
        "type": "button",
      },
      {
        "label": "Add field",
        "onSelect": {
          "nodeId": "721-938",
          "payload": {
            "key": "$$INPUT_BIND",
            "value": "null",
          },
          "type": "addObjectKey",
        },
        "type": "free-input",
      },
    ],
    "label": "Add Field",
  },
  {
    "elements": [
      {
        "content": "{"type":"aggregate"}",
        "onSelect": {
          "nodeId": "721-938",
          "payload": "{"type":"aggregate"}",
          "type": "simpleSwap",
        },
        "type": "button",
      },
      {
        "content": "{"type":"bin","field":"{ } ","extent":"[ ] "}",
        "onSelect": {
          "nodeId": "721-938",
          "payload": "{"type":"bin","field":"{ } ","extent":"[ ] "}",
          "type": "simpleSwap",
        },
        "type": "button",
      },
      {
        "content": "{"type":"collect"}",
        "onSelect": {
          "nodeId": "721-938",
          "payload": "{"type":"collect"}",
          "type": "simpleSwap",
        },
        "type": "button",
      },
      {
        "content": "{"type":"contour","size":"[ ] "}",
        "onSelect": {
          "nodeId": "721-938",
          "payload": "{"type":"contour","size":"[ ] "}",
          "type": "simpleSwap",
        },
        "type": "button",
      },
      {
        "content": "{"type":"countpattern","field":"{ } "}",
        "onSelect": {
          "nodeId": "721-938",
          "payload": "{"type":"countpattern","field":"{ } "}",
          "type": "simpleSwap",
        },
        "type": "button",
      },
      {
        "content": "{"type":"cross"}",
        "onSelect": {
          "nodeId": "721-938",
          "payload": "{"type":"cross"}",
          "type": "simpleSwap",
        },
        "type": "button",
      },
      {
        "content": "{"type":"crossfilter","fields":"[ ] ","query":"[ ] "}",
        "onSelect": {
          "nodeId": "721-938",
          "payload": "{"type":"crossfilter","fields":"[ ] ","query":"[ ] "}",
          "type": "simpleSwap",
        },
        "type": "button",
      },
      {
        "content": "{"type":"density"}",
        "onSelect": {
          "nodeId": "721-938",
          "payload": "{"type":"density"}",
          "type": "simpleSwap",
        },
        "type": "button",
      },
      {
        "content": "{"type":"dotbin","field":"{ } "}",
        "onSelect": {
          "nodeId": "721-938",
          "payload": "{"type":"dotbin","field":"{ } "}",
          "type": "simpleSwap",
        },
        "type": "button",
      },
      {
        "content": "{"type":"extent","field":"{ } "}",
        "onSelect": {
          "nodeId": "721-938",
          "payload": "{"type":"extent","field":"{ } "}",
          "type": "simpleSwap",
        },
        "type": "button",
      },
      {
        "content": "{"type":"filter","expr":""}",
        "onSelect": {
          "nodeId": "721-938",
          "payload": "{"type":"filter","expr":""}",
          "type": "simpleSwap",
        },
        "type": "button",
      },
      {
        "content": "{"type":"flatten","fields":"[ ] "}",
        "onSelect": {
          "nodeId": "721-938",
          "payload": "{"type":"flatten","fields":"[ ] "}",
          "type": "simpleSwap",
        },
        "type": "button",
      },
      {
        "content": "{"type":"fold","fields":"[ ] "}",
        "onSelect": {
          "nodeId": "721-938",
          "payload": "{"type":"fold","fields":"[ ] "}",
          "type": "simpleSwap",
        },
        "type": "button",
      },
      {
        "content": "{"type":"force"}",
        "onSelect": {
          "nodeId": "721-938",
          "payload": "{"type":"force"}",
          "type": "simpleSwap",
        },
        "type": "button",
      },
      {
        "content": "{"type":"formula","expr":"","as":""}",
        "onSelect": {
          "nodeId": "721-938",
          "payload": "{"type":"formula","expr":"","as":""}",
          "type": "simpleSwap",
        },
        "type": "button",
      },
      {
        "content": "{"type":"geojson"}",
        "onSelect": {
          "nodeId": "721-938",
          "payload": "{"type":"geojson"}",
          "type": "simpleSwap",
        },
        "type": "button",
      },
      {
        "content": "{"type":"geopath"}",
        "onSelect": {
          "nodeId": "721-938",
          "payload": "{"type":"geopath"}",
          "type": "simpleSwap",
        },
        "type": "button",
      },
      {
        "content": "{"type":"geopoint","projection":"","fields":"[ ] "}",
        "onSelect": {
          "nodeId": "721-938",
          "payload": "{"type":"geopoint","projection":"","fields":"[ ] "}",
          "type": "simpleSwap",
        },
        "type": "button",
      },
      {
        "content": "{"type":"geoshape"}",
        "onSelect": {
          "nodeId": "721-938",
          "payload": "{"type":"geoshape"}",
          "type": "simpleSwap",
        },
        "type": "button",
      },
      {
        "content": "{"type":"graticule"}",
        "onSelect": {
          "nodeId": "721-938",
          "payload": "{"type":"graticule"}",
          "type": "simpleSwap",
        },
        "type": "button",
      },
      {
        "content": "{"type":"heatmap"}",
        "onSelect": {
          "nodeId": "721-938",
          "payload": "{"type":"heatmap"}",
          "type": "simpleSwap",
        },
        "type": "button",
      },
      {
        "content": "{"type":"identifier","as":""}",
        "onSelect": {
          "nodeId": "721-938",
          "payload": "{"type":"identifier","as":""}",
          "type": "simpleSwap",
        },
        "type": "button",
      },
      {
        "content": "{"type":"impute","field":"{ } ","key":"{ } "}",
        "onSelect": {
          "nodeId": "721-938",
          "payload": "{"type":"impute","field":"{ } ","key":"{ } "}",
          "type": "simpleSwap",
        },
        "type": "button",
      },
      {
        "content": "{"type":"isocontour"}",
        "onSelect": {
          "nodeId": "721-938",
          "payload": "{"type":"isocontour"}",
          "type": "simpleSwap",
        },
        "type": "button",
      },
      {
        "content": "{"type":"joinaggregate"}",
        "onSelect": {
          "nodeId": "721-938",
          "payload": "{"type":"joinaggregate"}",
          "type": "simpleSwap",
        },
        "type": "button",
      },
      {
        "content": "{"type":"kde","field":"{ } "}",
        "onSelect": {
          "nodeId": "721-938",
          "payload": "{"type":"kde","field":"{ } "}",
          "type": "simpleSwap",
        },
        "type": "button",
      },
      {
        "content": "{"type":"kde2d","size":"[ ] ","x":"{ } ","y":"{ } "}",
        "onSelect": {
          "nodeId": "721-938",
          "payload": "{"type":"kde2d","size":"[ ] ","x":"{ } ","y":"{ } "}",
          "type": "simpleSwap",
        },
        "type": "button",
      },
      {
        "content": "{"type":"label","size":"[ ] "}",
        "onSelect": {
          "nodeId": "721-938",
          "payload": "{"type":"label","size":"[ ] "}",
          "type": "simpleSwap",
        },
        "type": "button",
      },
      {
        "content": "{"type":"linkpath"}",
        "onSelect": {
          "nodeId": "721-938",
          "payload": "{"type":"linkpath"}",
          "type": "simpleSwap",
        },
        "type": "button",
      },
      {
        "content": "{"type":"loess","x":"{ } ","y":"{ } "}",
        "onSelect": {
          "nodeId": "721-938",
          "payload": "{"type":"loess","x":"{ } ","y":"{ } "}",
          "type": "simpleSwap",
        },
        "type": "button",
      },
      {
        "content": "{"type":"lookup","from":"","key":"{ } ","fields":"[ ] "}",
        "onSelect": {
          "nodeId": "721-938",
          "payload": "{"type":"lookup","from":"","key":"{ } ","fields":"[ ] "}",
          "type": "simpleSwap",
        },
        "type": "button",
      },
      {
        "content": "{"type":"nest"}",
        "onSelect": {
          "nodeId": "721-938",
          "payload": "{"type":"nest"}",
          "type": "simpleSwap",
        },
        "type": "button",
      },
      {
        "content": "{"type":"pack"}",
        "onSelect": {
          "nodeId": "721-938",
          "payload": "{"type":"pack"}",
          "type": "simpleSwap",
        },
        "type": "button",
      },
      {
        "content": "{"type":"partition"}",
        "onSelect": {
          "nodeId": "721-938",
          "payload": "{"type":"partition"}",
          "type": "simpleSwap",
        },
        "type": "button",
      },
      {
        "content": "{"type":"pie"}",
        "onSelect": {
          "nodeId": "721-938",
          "payload": "{"type":"pie"}",
          "type": "simpleSwap",
        },
        "type": "button",
      },
      {
        "content": "{"type":"pivot","field":"{ } ","value":"{ } "}",
        "onSelect": {
          "nodeId": "721-938",
          "payload": "{"type":"pivot","field":"{ } ","value":"{ } "}",
          "type": "simpleSwap",
        },
        "type": "button",
      },
      {
        "content": "{"type":"project"}",
        "onSelect": {
          "nodeId": "721-938",
          "payload": "{"type":"project"}",
          "type": "simpleSwap",
        },
        "type": "button",
      },
      {
        "content": "{"type":"quantile","field":"{ } "}",
        "onSelect": {
          "nodeId": "721-938",
          "payload": "{"type":"quantile","field":"{ } "}",
          "type": "simpleSwap",
        },
        "type": "button",
      },
      {
        "content": "{"type":"regression","x":"{ } ","y":"{ } "}",
        "onSelect": {
          "nodeId": "721-938",
          "payload": "{"type":"regression","x":"{ } ","y":"{ } "}",
          "type": "simpleSwap",
        },
        "type": "button",
      },
      {
        "content": "{"type":"resolvefilter","ignore":"0","filter":"null"}",
        "onSelect": {
          "nodeId": "721-938",
          "payload": "{"type":"resolvefilter","ignore":"0","filter":"null"}",
          "type": "simpleSwap",
        },
        "type": "button",
      },
      {
        "content": "{"type":"sample"}",
        "onSelect": {
          "nodeId": "721-938",
          "payload": "{"type":"sample"}",
          "type": "simpleSwap",
        },
        "type": "button",
      },
      {
        "content": "{"type":"sequence","start":"0","stop":"0"}",
        "onSelect": {
          "nodeId": "721-938",
          "payload": "{"type":"sequence","start":"0","stop":"0"}",
          "type": "simpleSwap",
        },
        "type": "button",
      },
      {
        "content": "{"type":"stack"}",
        "onSelect": {
          "nodeId": "721-938",
          "payload": "{"type":"stack"}",
          "type": "simpleSwap",
        },
        "type": "button",
      },
      {
        "content": "{"type":"stratify","key":"{ } ","parentKey":"{ } "}",
        "onSelect": {
          "nodeId": "721-938",
          "payload": "{"type":"stratify","key":"{ } ","parentKey":"{ } "}",
          "type": "simpleSwap",
        },
        "type": "button",
      },
      {
        "content": "{"type":"timeunit","field":"{ } "}",
        "onSelect": {
          "nodeId": "721-938",
          "payload": "{"type":"timeunit","field":"{ } "}",
          "type": "simpleSwap",
        },
        "type": "button",
      },
      {
        "content": "{"type":"tree"}",
        "onSelect": {
          "nodeId": "721-938",
          "payload": "{"type":"tree"}",
          "type": "simpleSwap",
        },
        "type": "button",
      },
      {
        "content": "{"type":"treelinks"}",
        "onSelect": {
          "nodeId": "721-938",
          "payload": "{"type":"treelinks"}",
          "type": "simpleSwap",
        },
        "type": "button",
      },
      {
        "content": "{"type":"treemap"}",
        "onSelect": {
          "nodeId": "721-938",
          "payload": "{"type":"treemap"}",
          "type": "simpleSwap",
        },
        "type": "button",
      },
      {
        "content": "{"type":"voronoi","x":"{ } ","y":"{ } "}",
        "onSelect": {
          "nodeId": "721-938",
          "payload": "{"type":"voronoi","x":"{ } ","y":"{ } "}",
          "type": "simpleSwap",
        },
        "type": "button",
      },
      {
        "content": "{"type":"window"}",
        "onSelect": {
          "nodeId": "721-938",
          "payload": "{"type":"window"}",
          "type": "simpleSwap",
        },
        "type": "button",
      },
      {
        "content": "{"type":"wordcloud"}",
        "onSelect": {
          "nodeId": "721-938",
          "payload": "{"type":"wordcloud"}",
          "type": "simpleSwap",
        },
        "type": "button",
      },
    ],
    "label": "Switch to",
  },
  {
    "elements": [
      {
        "content": "Remove Item",
        "onSelect": {
          "nodeId": "721-938",
          "type": "removeElementFromArray",
        },
        "type": "button",
      },
      {
        "content": "Swap with next",
        "onSelect": {
          "nodeId": "721-938",
          "type": "increaseItemIdx",
        },
        "type": "button",
      },
    ],
    "label": "Utils",
  },
]
`;
