// Jest Snapshot v1, https://goo.gl/fbAQLP

exports[`filterContents 1`] = `[]`;
